AR fa rtl C:/Users/Alex/Documents/PF_RL_2021/LongDivisionCircuit/FA.vhd sub00/vhpl11 1620063096
AR ff_d rtl C:/Users/Alex/Documents/PF_RL_2021/LongDivisionCircuit/FF_D.vhd sub00/vhpl01 1620063094
AR longdivisioncircuit gl C:/Users/Alex/Documents/PF_RL_2021/LongDivisionCircuit/LongDivisionCircuit.vhd sub00/vhpl19 1620063112
EN fa NULL C:/Users/Alex/Documents/PF_RL_2021/LongDivisionCircuit/FA.vhd sub00/vhpl10 1620063095
EN cu NULL C:/Users/Alex/Documents/PF_RL_2021/LongDivisionCircuit/CU.vhd sub00/vhpl16 1620063109
AR cu rtl C:/Users/Alex/Documents/PF_RL_2021/LongDivisionCircuit/CU.vhd sub00/vhpl17 1620063110
EN ff_d NULL C:/Users/Alex/Documents/PF_RL_2021/LongDivisionCircuit/FF_D.vhd sub00/vhpl00 1620063093
EN reg_pp NULL C:/Users/Alex/Documents/PF_RL_2021/LongDivisionCircuit/Reg_PP.vhd sub00/vhpl06 1620063099
EN counter NULL C:/Users/Alex/Documents/PF_RL_2021/LongDivisionCircuit/Counter.vhd sub00/vhpl14 1620063103
AR regshifter_ps gl C:/Users/Alex/Documents/PF_RL_2021/LongDivisionCircuit/RegShifter_PS.vhd sub00/vhpl09 1620063108
EN longdivisioncircuit NULL C:/Users/Alex/Documents/PF_RL_2021/LongDivisionCircuit/LongDivisionCircuit.vhd sub00/vhpl18 1620063111
AR reg_pp gl C:/Users/Alex/Documents/PF_RL_2021/LongDivisionCircuit/Reg_PP.vhd sub00/vhpl07 1620063100
EN mux NULL C:/Users/Alex/Documents/PF_RL_2021/LongDivisionCircuit/MUX.vhd sub00/vhpl02 1620063101
AR ff_d_2input rtl C:/Users/Alex/Documents/PF_RL_2021/LongDivisionCircuit/FF_D_2Input.vhd sub00/vhpl05 1620063106
EN rca NULL C:/Users/Alex/Documents/PF_RL_2021/LongDivisionCircuit/RCA.vhd sub00/vhpl12 1620063097
AR mux rtl C:/Users/Alex/Documents/PF_RL_2021/LongDivisionCircuit/MUX.vhd sub00/vhpl03 1620063102
EN regshifter_ps NULL C:/Users/Alex/Documents/PF_RL_2021/LongDivisionCircuit/RegShifter_PS.vhd sub00/vhpl08 1620063107
EN ff_d_2input NULL C:/Users/Alex/Documents/PF_RL_2021/LongDivisionCircuit/FF_D_2Input.vhd sub00/vhpl04 1620063105
AR rca gl C:/Users/Alex/Documents/PF_RL_2021/LongDivisionCircuit/RCA.vhd sub00/vhpl13 1620063098
AR counter gl C:/Users/Alex/Documents/PF_RL_2021/LongDivisionCircuit/Counter.vhd sub00/vhpl15 1620063104
