AR fa rtl C:/Users/Alex/Documents/PF_RL_2021/LongDivisionCircuit/FA.vhd sub00/vhpl11 1620059465
AR ff_d rtl C:/Users/Alex/Documents/PF_RL_2021/LongDivisionCircuit/FF_D.vhd sub00/vhpl01 1620059463
EN fa NULL C:/Users/Alex/Documents/PF_RL_2021/LongDivisionCircuit/FA.vhd sub00/vhpl10 1620059464
EN cu NULL C:/Users/Alex/Documents/PF_RL_2021/LongDivisionCircuit/CU.vhd sub00/vhpl16 1620059472
AR cu rtl C:/Users/Alex/Documents/PF_RL_2021/LongDivisionCircuit/CU.vhd sub00/vhpl17 1620059473
EN ff_d NULL C:/Users/Alex/Documents/PF_RL_2021/LongDivisionCircuit/FF_D.vhd sub00/vhpl00 1620059462
EN reg_pp NULL C:/Users/Alex/Documents/PF_RL_2021/LongDivisionCircuit/Reg_PP.vhd sub00/vhpl06 1620059468
EN counter NULL C:/Users/Alex/Documents/PF_RL_2021/LongDivisionCircuit/Counter.vhd sub00/vhpl14 1620059470
AR regshifter_ps gl C:/Users/Alex/Documents/PF_RL_2021/LongDivisionCircuit/RegShifter_PS.vhd sub00/vhpl09 1620050132
AR reg_pp gl C:/Users/Alex/Documents/PF_RL_2021/LongDivisionCircuit/Reg_PP.vhd sub00/vhpl07 1620059469
EN mux NULL C:/Users/Alex/Documents/PF_RL_2021/LongDivisionCircuit/MUX.vhd sub00/vhpl02 1620050125
AR ff_d_2input rtl C:/Users/Alex/Documents/PF_RL_2021/LongDivisionCircuit/FF_D_2Input.vhd sub00/vhpl05 1620050130
EN rca NULL C:/Users/Alex/Documents/PF_RL_2021/LongDivisionCircuit/RCA.vhd sub00/vhpl12 1620059466
AR mux rtl C:/Users/Alex/Documents/PF_RL_2021/LongDivisionCircuit/MUX.vhd sub00/vhpl03 1620050126
EN regshifter_ps NULL C:/Users/Alex/Documents/PF_RL_2021/LongDivisionCircuit/RegShifter_PS.vhd sub00/vhpl08 1620050131
EN ff_d_2input NULL C:/Users/Alex/Documents/PF_RL_2021/LongDivisionCircuit/FF_D_2Input.vhd sub00/vhpl04 1620050129
AR rca gl C:/Users/Alex/Documents/PF_RL_2021/LongDivisionCircuit/RCA.vhd sub00/vhpl13 1620059467
AR counter gl C:/Users/Alex/Documents/PF_RL_2021/LongDivisionCircuit/Counter.vhd sub00/vhpl15 1620059471
