V3 39
FL C:/Users/Alex/Documents/PF_RL_2021/LongDivisionCircuit/Counter.vhd 2021/05/03.16:48:36 P.20131013
EN work/Counter 1620063103 \
      FL C:/Users/Alex/Documents/PF_RL_2021/LongDivisionCircuit/Counter.vhd \
      PB ieee/std_logic_1164 1381692176
AR work/Counter/GL 1620063104 \
      FL C:/Users/Alex/Documents/PF_RL_2021/LongDivisionCircuit/Counter.vhd \
      EN work/Counter 1620063103 CP RCA CP Reg_PP
FL C:/Users/Alex/Documents/PF_RL_2021/LongDivisionCircuit/CU.vhd 2021/05/03.18:54:54 P.20131013
EN work/CU 1620063109 \
      FL C:/Users/Alex/Documents/PF_RL_2021/LongDivisionCircuit/CU.vhd \
      PB ieee/std_logic_1164 1381692176
AR work/CU/RTL 1620063110 \
      FL C:/Users/Alex/Documents/PF_RL_2021/LongDivisionCircuit/CU.vhd EN work/CU 1620063109 \
      CP Counter
FL C:/Users/Alex/Documents/PF_RL_2021/LongDivisionCircuit/FA.vhd 2021/05/03.15:58:47 P.20131013
EN work/FA 1620063095 \
      FL C:/Users/Alex/Documents/PF_RL_2021/LongDivisionCircuit/FA.vhd \
      PB ieee/std_logic_1164 1381692176
AR work/FA/RTL 1620063096 \
      FL C:/Users/Alex/Documents/PF_RL_2021/LongDivisionCircuit/FA.vhd EN work/FA 1620063095
FL C:/Users/Alex/Documents/PF_RL_2021/LongDivisionCircuit/FF_D.vhd 2021/05/03.15:28:40 P.20131013
EN work/FF_D 1620063093 \
      FL C:/Users/Alex/Documents/PF_RL_2021/LongDivisionCircuit/FF_D.vhd \
      PB ieee/std_logic_1164 1381692176
AR work/FF_D/RTL 1620063094 \
      FL C:/Users/Alex/Documents/PF_RL_2021/LongDivisionCircuit/FF_D.vhd \
      EN work/FF_D 1620063093
FL C:/Users/Alex/Documents/PF_RL_2021/LongDivisionCircuit/FF_D_2Input.vhd 2021/05/03.19:26:08 P.20131013
EN work/FF_D_2Input 1620063105 \
      FL C:/Users/Alex/Documents/PF_RL_2021/LongDivisionCircuit/FF_D_2Input.vhd \
      PB ieee/std_logic_1164 1381692176
AR work/FF_D_2Input/RTL 1620063106 \
      FL C:/Users/Alex/Documents/PF_RL_2021/LongDivisionCircuit/FF_D_2Input.vhd \
      EN work/FF_D_2Input 1620063105 CP MUX CP FF_D
FL C:/Users/Alex/Documents/PF_RL_2021/LongDivisionCircuit/LongDivisionCircuit.vhd 2021/05/03.19:31:27 P.20131013
EN work/LongDivisionCircuit 1620063111 \
      FL C:/Users/Alex/Documents/PF_RL_2021/LongDivisionCircuit/LongDivisionCircuit.vhd \
      PB ieee/std_logic_1164 1381692176
AR work/LongDivisionCircuit/GL 1620063112 \
      FL C:/Users/Alex/Documents/PF_RL_2021/LongDivisionCircuit/LongDivisionCircuit.vhd \
      EN work/LongDivisionCircuit 1620063111 CP Reg_PP CP RegShifter_PS CP RCA \
      CP MUX CP CU
FL C:/Users/Alex/Documents/PF_RL_2021/LongDivisionCircuit/MUX.vhd 2021/05/03.19:26:08 P.20131013
EN work/MUX 1620063101 \
      FL C:/Users/Alex/Documents/PF_RL_2021/LongDivisionCircuit/MUX.vhd \
      PB ieee/std_logic_1164 1381692176
AR work/MUX/RTL 1620063102 \
      FL C:/Users/Alex/Documents/PF_RL_2021/LongDivisionCircuit/MUX.vhd \
      EN work/MUX 1620063101
FL C:/Users/Alex/Documents/PF_RL_2021/LongDivisionCircuit/RCA.vhd 2021/05/03.15:59:26 P.20131013
EN work/RCA 1620063097 \
      FL C:/Users/Alex/Documents/PF_RL_2021/LongDivisionCircuit/RCA.vhd \
      PB ieee/std_logic_1164 1381692176
AR work/RCA/GL 1620063098 \
      FL C:/Users/Alex/Documents/PF_RL_2021/LongDivisionCircuit/RCA.vhd \
      EN work/RCA 1620063097 CP FA
FL C:/Users/Alex/Documents/PF_RL_2021/LongDivisionCircuit/RegShifter_PS.vhd 2021/05/03.19:26:08 P.20131013
EN work/RegShifter_PS 1620063107 \
      FL C:/Users/Alex/Documents/PF_RL_2021/LongDivisionCircuit/RegShifter_PS.vhd \
      PB ieee/std_logic_1164 1381692176
AR work/RegShifter_PS/GL 1620063108 \
      FL C:/Users/Alex/Documents/PF_RL_2021/LongDivisionCircuit/RegShifter_PS.vhd \
      EN work/RegShifter_PS 1620063107 CP FF_D_2Input
FL C:/Users/Alex/Documents/PF_RL_2021/LongDivisionCircuit/Reg_PP.vhd 2021/05/03.15:34:35 P.20131013
EN work/Reg_PP 1620063099 \
      FL C:/Users/Alex/Documents/PF_RL_2021/LongDivisionCircuit/Reg_PP.vhd \
      PB ieee/std_logic_1164 1381692176
AR work/Reg_PP/GL 1620063100 \
      FL C:/Users/Alex/Documents/PF_RL_2021/LongDivisionCircuit/Reg_PP.vhd \
      EN work/Reg_PP 1620063099 CP FF_D
