V3 30
FL C:/Users/Alex/Documents/PF_RL_2021/LongDivisionCircuit/Counter.vhd 2021/05/03.16:48:36 P.20131013
EN work/Counter 1620053339 \
      FL C:/Users/Alex/Documents/PF_RL_2021/LongDivisionCircuit/Counter.vhd \
      PB ieee/std_logic_1164 1381692176
AR work/Counter/GL 1620053340 \
      FL C:/Users/Alex/Documents/PF_RL_2021/LongDivisionCircuit/Counter.vhd \
      EN work/Counter 1620053339 CP RCA CP Reg_PP
FL C:/Users/Alex/Documents/PF_RL_2021/LongDivisionCircuit/FA.vhd 2021/05/03.15:58:47 P.20131013
EN work/FA 1620053333 \
      FL C:/Users/Alex/Documents/PF_RL_2021/LongDivisionCircuit/FA.vhd \
      PB ieee/std_logic_1164 1381692176
AR work/FA/RTL 1620053334 \
      FL C:/Users/Alex/Documents/PF_RL_2021/LongDivisionCircuit/FA.vhd EN work/FA 1620053333
FL C:/Users/Alex/Documents/PF_RL_2021/LongDivisionCircuit/FF_D.vhd 2021/05/03.15:28:40 P.20131013
EN work/FF_D 1620053331 \
      FL C:/Users/Alex/Documents/PF_RL_2021/LongDivisionCircuit/FF_D.vhd \
      PB ieee/std_logic_1164 1381692176
AR work/FF_D/RTL 1620053332 \
      FL C:/Users/Alex/Documents/PF_RL_2021/LongDivisionCircuit/FF_D.vhd \
      EN work/FF_D 1620053331
FL C:/Users/Alex/Documents/PF_RL_2021/LongDivisionCircuit/FF_D_2Input.vhd 2021/05/03.15:32:09 P.20131013
EN work/FF_D_2Input 1620050129 \
      FL C:/Users/Alex/Documents/PF_RL_2021/LongDivisionCircuit/FF_D_2Input.vhd \
      PB ieee/std_logic_1164 1381692176
AR work/FF_D_2Input/RTL 1620050130 \
      FL C:/Users/Alex/Documents/PF_RL_2021/LongDivisionCircuit/FF_D_2Input.vhd \
      EN work/FF_D_2Input 1620050129 CP MUX CP FF_D
FL C:/Users/Alex/Documents/PF_RL_2021/LongDivisionCircuit/MUX.vhd 2021/05/03.15:30:15 P.20131013
EN work/MUX 1620050125 \
      FL C:/Users/Alex/Documents/PF_RL_2021/LongDivisionCircuit/MUX.vhd \
      PB ieee/std_logic_1164 1381692176
AR work/MUX/RTL 1620050126 \
      FL C:/Users/Alex/Documents/PF_RL_2021/LongDivisionCircuit/MUX.vhd \
      EN work/MUX 1620050125
FL C:/Users/Alex/Documents/PF_RL_2021/LongDivisionCircuit/RCA.vhd 2021/05/03.15:59:26 P.20131013
EN work/RCA 1620053335 \
      FL C:/Users/Alex/Documents/PF_RL_2021/LongDivisionCircuit/RCA.vhd \
      PB ieee/std_logic_1164 1381692176
AR work/RCA/GL 1620053336 \
      FL C:/Users/Alex/Documents/PF_RL_2021/LongDivisionCircuit/RCA.vhd \
      EN work/RCA 1620053335 CP FA
FL C:/Users/Alex/Documents/PF_RL_2021/LongDivisionCircuit/RegShifter_PS.vhd 2021/05/03.15:55:18 P.20131013
EN work/RegShifter_PS 1620050131 \
      FL C:/Users/Alex/Documents/PF_RL_2021/LongDivisionCircuit/RegShifter_PS.vhd \
      PB ieee/std_logic_1164 1381692176
AR work/RegShifter_PS/GL 1620050132 \
      FL C:/Users/Alex/Documents/PF_RL_2021/LongDivisionCircuit/RegShifter_PS.vhd \
      EN work/RegShifter_PS 1620050131 CP FF_D_2Input
FL C:/Users/Alex/Documents/PF_RL_2021/LongDivisionCircuit/Reg_PP.vhd 2021/05/03.15:34:35 P.20131013
EN work/Reg_PP 1620053337 \
      FL C:/Users/Alex/Documents/PF_RL_2021/LongDivisionCircuit/Reg_PP.vhd \
      PB ieee/std_logic_1164 1381692176
AR work/Reg_PP/GL 1620053338 \
      FL C:/Users/Alex/Documents/PF_RL_2021/LongDivisionCircuit/Reg_PP.vhd \
      EN work/Reg_PP 1620053337 CP FF_D
