V3 4
FL C:/Users/Alex/Documents/PF_RL_2021/Other/test/FF_D_SR.vhd 2021/04/01.22:36:51 P.20131013
EN work/FF_D_SR 1619967047 \
      FL C:/Users/Alex/Documents/PF_RL_2021/Other/test/FF_D_SR.vhd \
      PB ieee/std_logic_1164 1381692176
AR work/FF_D_SR/BEH 1619967048 \
      FL C:/Users/Alex/Documents/PF_RL_2021/Other/test/FF_D_SR.vhd \
      EN work/FF_D_SR 1619967047
FL D:/Alex/test/FF_D_SR.vhd 2021/03/24.11:13:57 P.20131013
