Release 14.7 - xst P.20131013 (nt64)
Copyright (c) 1995-2013 Xilinx, Inc.  All rights reserved.
--> Parameter TMPDIR set to xst/projnav.tmp


Total REAL time to Xst completion: 0.00 secs
Total CPU time to Xst completion: 0.11 secs
 
--> Parameter xsthdpdir set to xst


Total REAL time to Xst completion: 0.00 secs
Total CPU time to Xst completion: 0.11 secs
 
--> Reading design: CU.prj

TABLE OF CONTENTS
  1) Synthesis Options Summary
  2) HDL Compilation
  3) Design Hierarchy Analysis
  4) HDL Analysis
  5) HDL Synthesis
     5.1) HDL Synthesis Report
  6) Advanced HDL Synthesis
     6.1) Advanced HDL Synthesis Report
  7) Low Level Synthesis
  8) Partition Report
  9) Final Report
	9.1) Device utilization summary
	9.2) Partition Resource Summary
	9.3) TIMING REPORT


=========================================================================
*                      Synthesis Options Summary                        *
=========================================================================
---- Source Parameters
Input File Name                    : "CU.prj"
Input Format                       : mixed
Ignore Synthesis Constraint File   : NO

---- Target Parameters
Output File Name                   : "CU"
Output Format                      : NGC
Target Device                      : xc3s200-5-pq208

---- Source Options
Top Module Name                    : CU
Automatic FSM Extraction           : YES
FSM Encoding Algorithm             : Auto
Safe Implementation                : No
FSM Style                          : LUT
RAM Extraction                     : Yes
RAM Style                          : Auto
ROM Extraction                     : Yes
Mux Style                          : Auto
Decoder Extraction                 : YES
Priority Encoder Extraction        : Yes
Shift Register Extraction          : YES
Logical Shifter Extraction         : YES
XOR Collapsing                     : YES
ROM Style                          : Auto
Mux Extraction                     : Yes
Resource Sharing                   : YES
Asynchronous To Synchronous        : NO
Multiplier Style                   : Auto
Automatic Register Balancing       : No

---- Target Options
Add IO Buffers                     : YES
Global Maximum Fanout              : 100000
Add Generic Clock Buffer(BUFG)     : 8
Register Duplication               : YES
Slice Packing                      : YES
Optimize Instantiated Primitives   : NO
Use Clock Enable                   : Yes
Use Synchronous Set                : Yes
Use Synchronous Reset              : Yes
Pack IO Registers into IOBs        : Auto
Equivalent register Removal        : YES

---- General Options
Optimization Goal                  : Speed
Optimization Effort                : 1
Keep Hierarchy                     : No
Netlist Hierarchy                  : As_Optimized
RTL Output                         : Yes
Global Optimization                : AllClockNets
Read Cores                         : YES
Write Timing Constraints           : NO
Cross Clock Analysis               : NO
Hierarchy Separator                : /
Bus Delimiter                      : <>
Case Specifier                     : Maintain
Slice Utilization Ratio            : 100
BRAM Utilization Ratio             : 100
Verilog 2001                       : YES
Auto BRAM Packing                  : NO
Slice Utilization Ratio Delta      : 5

=========================================================================


=========================================================================
*                          HDL Compilation                              *
=========================================================================
Compiling vhdl file "C:/Users/Alex/Documents/PF_RL_2021/LongDivisionCircuit/FF_D.vhd" in Library work.
Architecture rtl of Entity ff_d is up to date.
Compiling vhdl file "C:/Users/Alex/Documents/PF_RL_2021/LongDivisionCircuit/FA.vhd" in Library work.
Architecture rtl of Entity fa is up to date.
Compiling vhdl file "C:/Users/Alex/Documents/PF_RL_2021/LongDivisionCircuit/RCA.vhd" in Library work.
Architecture gl of Entity rca is up to date.
Compiling vhdl file "C:/Users/Alex/Documents/PF_RL_2021/LongDivisionCircuit/Reg_PP.vhd" in Library work.
Architecture gl of Entity reg_pp is up to date.
Compiling vhdl file "C:/Users/Alex/Documents/PF_RL_2021/LongDivisionCircuit/Counter.vhd" in Library work.
Architecture gl of Entity counter is up to date.
Compiling vhdl file "C:/Users/Alex/Documents/PF_RL_2021/LongDivisionCircuit/CU.vhd" in Library work.
Entity <cu> compiled.
Entity <cu> (Architecture <rtl>) compiled.

=========================================================================
*                     Design Hierarchy Analysis                         *
=========================================================================
Analyzing hierarchy for entity <CU> in library <work> (architecture <rtl>).

Analyzing hierarchy for entity <Counter> in library <work> (architecture <gl>) with generics.
	n = 5

Analyzing hierarchy for entity <RCA> in library <work> (architecture <gl>) with generics.
	n = 5

Analyzing hierarchy for entity <Reg_PP> in library <work> (architecture <gl>) with generics.
	n = 5

Analyzing hierarchy for entity <FA> in library <work> (architecture <rtl>).

Analyzing hierarchy for entity <FF_D> in library <work> (architecture <rtl>).


=========================================================================
*                            HDL Analysis                               *
=========================================================================
Analyzing Entity <CU> in library <work> (Architecture <rtl>).
Entity <CU> analyzed. Unit <CU> generated.

Analyzing generic Entity <Counter> in library <work> (Architecture <gl>).
	n = 5
WARNING:Xst:753 - "C:/Users/Alex/Documents/PF_RL_2021/LongDivisionCircuit/Counter.vhd" line 54: Unconnected output port 'COUT' of component 'RCA'.
Entity <Counter> analyzed. Unit <Counter> generated.

Analyzing generic Entity <RCA> in library <work> (Architecture <gl>).
	n = 5
Entity <RCA> analyzed. Unit <RCA> generated.

Analyzing Entity <FA> in library <work> (Architecture <rtl>).
Entity <FA> analyzed. Unit <FA> generated.

Analyzing generic Entity <Reg_PP> in library <work> (Architecture <gl>).
	n = 5
Entity <Reg_PP> analyzed. Unit <Reg_PP> generated.

Analyzing Entity <FF_D> in library <work> (Architecture <rtl>).
Entity <FF_D> analyzed. Unit <FF_D> generated.


=========================================================================
*                           HDL Synthesis                               *
=========================================================================

Performing bidirectional port resolution...

Synthesizing Unit <FA>.
    Related source file is "C:/Users/Alex/Documents/PF_RL_2021/LongDivisionCircuit/FA.vhd".
    Found 1-bit xor3 for signal <S>.
    Summary:
	inferred   1 Xor(s).
Unit <FA> synthesized.


Synthesizing Unit <FF_D>.
    Related source file is "C:/Users/Alex/Documents/PF_RL_2021/LongDivisionCircuit/FF_D.vhd".
    Found 1-bit register for signal <Q>.
    Summary:
	inferred   1 D-type flip-flop(s).
Unit <FF_D> synthesized.


Synthesizing Unit <RCA>.
    Related source file is "C:/Users/Alex/Documents/PF_RL_2021/LongDivisionCircuit/RCA.vhd".
Unit <RCA> synthesized.


Synthesizing Unit <Reg_PP>.
    Related source file is "C:/Users/Alex/Documents/PF_RL_2021/LongDivisionCircuit/Reg_PP.vhd".
Unit <Reg_PP> synthesized.


Synthesizing Unit <Counter>.
    Related source file is "C:/Users/Alex/Documents/PF_RL_2021/LongDivisionCircuit/Counter.vhd".
Unit <Counter> synthesized.


Synthesizing Unit <CU>.
    Related source file is "C:/Users/Alex/Documents/PF_RL_2021/LongDivisionCircuit/CU.vhd".
Unit <CU> synthesized.


=========================================================================
HDL Synthesis Report

Macro Statistics
# Registers                                            : 5
 1-bit register                                        : 5
# Xors                                                 : 5
 1-bit xor3                                            : 5

=========================================================================

=========================================================================
*                       Advanced HDL Synthesis                          *
=========================================================================


=========================================================================
Advanced HDL Synthesis Report

Macro Statistics
# Registers                                            : 5
 Flip-Flops                                            : 5
# Xors                                                 : 5
 1-bit xor3                                            : 5

=========================================================================

=========================================================================
*                         Low Level Synthesis                           *
=========================================================================

Optimizing unit <CU> ...

Mapping all equations...
Building and optimizing final netlist ...
Found area constraint ratio of 100 (+ 5) on block CU, actual ratio is 0.

Final Macro Processing ...

=========================================================================
Final Register Report

Macro Statistics
# Registers                                            : 5
 Flip-Flops                                            : 5

=========================================================================

=========================================================================
*                           Partition Report                            *
=========================================================================

Partition Implementation Status
-------------------------------

  No Partitions were found in this design.

-------------------------------

=========================================================================
*                            Final Report                               *
=========================================================================
Final Results
RTL Top Level Output File Name     : CU.ngr
Top Level Output File Name         : CU
Output Format                      : NGC
Optimization Goal                  : Speed
Keep Hierarchy                     : No

Design Statistics
# IOs                              : 39

Cell Usage :
# BELS                             : 28
#      GND                         : 1
#      INV                         : 1
#      LUT2                        : 1
#      LUT3                        : 2
#      LUT3_L                      : 1
#      LUT4                        : 11
#      LUT4_L                      : 1
#      MUXCY                       : 8
#      MUXF5                       : 1
#      VCC                         : 1
# FlipFlops/Latches                : 5
#      FDRE                        : 5
# Clock Buffers                    : 1
#      BUFGP                       : 1
# IO Buffers                       : 38
#      IBUF                        : 34
#      OBUF                        : 4
=========================================================================

Device utilization summary:
---------------------------

Selected Device : 3s200pq208-5 

 Number of Slices:                        9  out of   1920     0%  
 Number of Slice Flip Flops:              5  out of   3840     0%  
 Number of 4 input LUTs:                 17  out of   3840     0%  
 Number of IOs:                          39
 Number of bonded IOBs:                  39  out of    141    27%  
 Number of GCLKs:                         1  out of      8    12%  

---------------------------
Partition Resource Summary:
---------------------------

  No Partitions were found in this design.

---------------------------


=========================================================================
TIMING REPORT

NOTE: THESE TIMING NUMBERS ARE ONLY A SYNTHESIS ESTIMATE.
      FOR ACCURATE TIMING INFORMATION PLEASE REFER TO THE TRACE REPORT
      GENERATED AFTER PLACE-and-ROUTE.

Clock Information:
------------------
-----------------------------------+------------------------+-------+
Clock Signal                       | Clock buffer(FF name)  | Load  |
-----------------------------------+------------------------+-------+
CLK                                | BUFGP                  | 5     |
-----------------------------------+------------------------+-------+

Asynchronous Control Signals Information:
----------------------------------------
No asynchronous control signals found in this design

Timing Summary:
---------------
Speed Grade: -5

   Minimum period: 4.158ns (Maximum Frequency: 240.500MHz)
   Minimum input arrival time before clock: 5.973ns
   Maximum output required time after clock: 8.543ns
   Maximum combinational path delay: 10.358ns

Timing Detail:
--------------
All values displayed in nanoseconds (ns)

=========================================================================
Timing constraint: Default period analysis for Clock 'CLK'
  Clock period: 4.158ns (frequency: 240.500MHz)
  Total number of paths / destination ports: 40 / 10
-------------------------------------------------------------------------
Delay:               4.158ns (Levels of Logic = 2)
  Source:            counter_5/reg/reg_gen[3].ffd/Q (FF)
  Destination:       counter_5/reg/reg_gen[4].ffd/Q (FF)
  Source Clock:      CLK rising
  Destination Clock: CLK rising

  Data Path: counter_5/reg/reg_gen[3].ffd/Q to counter_5/reg/reg_gen[4].ffd/Q
                                Gate     Net
    Cell:in->out      fanout   Delay   Delay  Logical Name (Net Name)
    ----------------------------------------  ------------
     FDRE:C->Q             4   0.626   1.074  counter_5/reg/reg_gen[3].ffd/Q (counter_5/reg/reg_gen[3].ffd/Q)
     LUT4_L:I0->LO         1   0.479   0.123  INTERNAL_EN1_SW0 (N4)
     LUT4:I3->O            6   0.479   0.853  INTERNAL_EN1 (EN_OBUF)
     FDRE:CE                   0.524          counter_5/reg/reg_gen[4].ffd/Q
    ----------------------------------------
    Total                      4.158ns (2.108ns logic, 2.050ns route)
                                       (50.7% logic, 49.3% route)

=========================================================================
Timing constraint: Default OFFSET IN BEFORE for Clock 'CLK'
  Total number of paths / destination ports: 170 / 10
-------------------------------------------------------------------------
Offset:              5.973ns (Levels of Logic = 11)
  Source:            DIVIDEND<8> (PAD)
  Destination:       counter_5/reg/reg_gen[4].ffd/Q (FF)
  Destination Clock: CLK rising

  Data Path: DIVIDEND<8> to counter_5/reg/reg_gen[4].ffd/Q
                                Gate     Net
    Cell:in->out      fanout   Delay   Delay  Logical Name (Net Name)
    ----------------------------------------  ------------
     IBUF:I->O             1   0.715   0.976  DIVIDEND_8_IBUF (DIVIDEND_8_IBUF)
     LUT4:I0->O            1   0.479   0.000  INTERNAL_ERROR_cmp_eq0000_wg_lut<0> (INTERNAL_ERROR_cmp_eq0000_wg_lut<0>)
     MUXCY:S->O            1   0.435   0.000  INTERNAL_ERROR_cmp_eq0000_wg_cy<0> (INTERNAL_ERROR_cmp_eq0000_wg_cy<0>)
     MUXCY:CI->O           1   0.056   0.000  INTERNAL_ERROR_cmp_eq0000_wg_cy<1> (INTERNAL_ERROR_cmp_eq0000_wg_cy<1>)
     MUXCY:CI->O           1   0.056   0.000  INTERNAL_ERROR_cmp_eq0000_wg_cy<2> (INTERNAL_ERROR_cmp_eq0000_wg_cy<2>)
     MUXCY:CI->O           1   0.056   0.000  INTERNAL_ERROR_cmp_eq0000_wg_cy<3> (INTERNAL_ERROR_cmp_eq0000_wg_cy<3>)
     MUXCY:CI->O           1   0.056   0.000  INTERNAL_ERROR_cmp_eq0000_wg_cy<4> (INTERNAL_ERROR_cmp_eq0000_wg_cy<4>)
     MUXCY:CI->O           1   0.056   0.000  INTERNAL_ERROR_cmp_eq0000_wg_cy<5> (INTERNAL_ERROR_cmp_eq0000_wg_cy<5>)
     MUXCY:CI->O           1   0.056   0.000  INTERNAL_ERROR_cmp_eq0000_wg_cy<6> (INTERNAL_ERROR_cmp_eq0000_wg_cy<6>)
     MUXCY:CI->O           2   0.265   0.915  INTERNAL_ERROR_cmp_eq0000_wg_cy<7> (ERROR_OBUF)
     LUT4:I1->O            6   0.479   0.853  INTERNAL_EN1 (EN_OBUF)
     FDRE:CE                   0.524          counter_5/reg/reg_gen[4].ffd/Q
    ----------------------------------------
    Total                      5.973ns (3.230ns logic, 2.744ns route)
                                       (54.1% logic, 45.9% route)

=========================================================================
Timing constraint: Default OFFSET OUT AFTER for Clock 'CLK'
  Total number of paths / destination ports: 10 / 2
-------------------------------------------------------------------------
Offset:              8.543ns (Levels of Logic = 3)
  Source:            counter_5/reg/reg_gen[3].ffd/Q (FF)
  Destination:       EN (PAD)
  Source Clock:      CLK rising

  Data Path: counter_5/reg/reg_gen[3].ffd/Q to EN
                                Gate     Net
    Cell:in->out      fanout   Delay   Delay  Logical Name (Net Name)
    ----------------------------------------  ------------
     FDRE:C->Q             4   0.626   1.074  counter_5/reg/reg_gen[3].ffd/Q (counter_5/reg/reg_gen[3].ffd/Q)
     LUT4_L:I0->LO         1   0.479   0.123  INTERNAL_EN1_SW0 (N4)
     LUT4:I3->O            6   0.479   0.853  INTERNAL_EN1 (EN_OBUF)
     OBUF:I->O                 4.909          EN_OBUF (EN)
    ----------------------------------------
    Total                      8.543ns (6.493ns logic, 2.050ns route)
                                       (76.0% logic, 24.0% route)

=========================================================================
Timing constraint: Default path analysis
  Total number of paths / destination ports: 66 / 3
-------------------------------------------------------------------------
Delay:               10.358ns (Levels of Logic = 12)
  Source:            DIVIDEND<8> (PAD)
  Destination:       EN (PAD)

  Data Path: DIVIDEND<8> to EN
                                Gate     Net
    Cell:in->out      fanout   Delay   Delay  Logical Name (Net Name)
    ----------------------------------------  ------------
     IBUF:I->O             1   0.715   0.976  DIVIDEND_8_IBUF (DIVIDEND_8_IBUF)
     LUT4:I0->O            1   0.479   0.000  INTERNAL_ERROR_cmp_eq0000_wg_lut<0> (INTERNAL_ERROR_cmp_eq0000_wg_lut<0>)
     MUXCY:S->O            1   0.435   0.000  INTERNAL_ERROR_cmp_eq0000_wg_cy<0> (INTERNAL_ERROR_cmp_eq0000_wg_cy<0>)
     MUXCY:CI->O           1   0.056   0.000  INTERNAL_ERROR_cmp_eq0000_wg_cy<1> (INTERNAL_ERROR_cmp_eq0000_wg_cy<1>)
     MUXCY:CI->O           1   0.056   0.000  INTERNAL_ERROR_cmp_eq0000_wg_cy<2> (INTERNAL_ERROR_cmp_eq0000_wg_cy<2>)
     MUXCY:CI->O           1   0.056   0.000  INTERNAL_ERROR_cmp_eq0000_wg_cy<3> (INTERNAL_ERROR_cmp_eq0000_wg_cy<3>)
     MUXCY:CI->O           1   0.056   0.000  INTERNAL_ERROR_cmp_eq0000_wg_cy<4> (INTERNAL_ERROR_cmp_eq0000_wg_cy<4>)
     MUXCY:CI->O           1   0.056   0.000  INTERNAL_ERROR_cmp_eq0000_wg_cy<5> (INTERNAL_ERROR_cmp_eq0000_wg_cy<5>)
     MUXCY:CI->O           1   0.056   0.000  INTERNAL_ERROR_cmp_eq0000_wg_cy<6> (INTERNAL_ERROR_cmp_eq0000_wg_cy<6>)
     MUXCY:CI->O           2   0.265   0.915  INTERNAL_ERROR_cmp_eq0000_wg_cy<7> (ERROR_OBUF)
     LUT4:I1->O            6   0.479   0.853  INTERNAL_EN1 (EN_OBUF)
     OBUF:I->O                 4.909          EN_OBUF (EN)
    ----------------------------------------
    Total                     10.358ns (7.615ns logic, 2.744ns route)
                                       (73.5% logic, 26.5% route)

=========================================================================


Total REAL time to Xst completion: 4.00 secs
Total CPU time to Xst completion: 4.09 secs
 
--> 

Total memory usage is 4513148 kilobytes

Number of errors   :    0 (   0 filtered)
Number of warnings :    1 (   0 filtered)
Number of infos    :    0 (   0 filtered)

