--------------------------------------------------------------------------------
Release 14.7 Trace  (nt64)
Copyright (c) 1995-2013 Xilinx, Inc.  All rights reserved.

C:\Xilinx\14.7\ISE_DS\ISE\bin\nt64\unwrapped\trce.exe -intstyle ise -v 3 -s 5
-n 3 -fastpaths -xml RCA.twx RCA.ncd -o RCA.twr RCA.pcf

Design file:              RCA.ncd
Physical constraint file: RCA.pcf
Device,package,speed:     xc3s200,pq208,-5 (PRODUCTION 1.39 2013-10-13)
Report level:             verbose report

Environment Variable      Effect 
--------------------      ------ 
NONE                      No environment variables were set
--------------------------------------------------------------------------------

INFO:Timing:2698 - No timing constraints found, doing default enumeration.
INFO:Timing:3412 - To improve timing, see the Timing Closure User Guide (UG612).
INFO:Timing:2752 - To get complete path coverage, use the unconstrained paths 
   option. All paths that are not constrained will be reported in the 
   unconstrained paths section(s) of the report.
INFO:Timing:3339 - The clock-to-out numbers in this timing report are based on 
   a 50 Ohm transmission line loading model.  For the details of this model, 
   and for more information on accounting for different loading conditions, 
   please see the device datasheet.
INFO:Timing:3390 - This architecture does not support a default System Jitter 
   value, please add SYSTEM_JITTER constraint to the UCF to modify the Clock 
   Uncertainty calculation.
INFO:Timing:3389 - This architecture does not support 'Discrete Jitter' and 
   'Phase Error' calculations, these terms will be zero in the Clock 
   Uncertainty calculation.  Please make appropriate modification to 
   SYSTEM_JITTER to account for the unsupported Discrete Jitter and Phase 
   Error.



Data Sheet report:
-----------------
All values displayed in nanoseconds (ns)

Pad to Pad
---------------+---------------+---------+
Source Pad     |Destination Pad|  Delay  |
---------------+---------------+---------+
C0             |COUT           |   35.150|
C0             |S<0>           |    8.162|
C0             |S<1>           |    7.990|
C0             |S<2>           |    9.431|
C0             |S<3>           |   10.000|
C0             |S<4>           |   10.772|
C0             |S<5>           |   13.563|
C0             |S<6>           |   14.575|
C0             |S<7>           |   15.402|
C0             |S<8>           |   16.426|
C0             |S<9>           |   16.431|
C0             |S<10>          |   17.889|
C0             |S<11>          |   17.172|
C0             |S<12>          |   19.352|
C0             |S<13>          |   20.895|
C0             |S<14>          |   20.771|
C0             |S<15>          |   21.430|
C0             |S<16>          |   22.527|
C0             |S<17>          |   23.065|
C0             |S<18>          |   23.334|
C0             |S<19>          |   23.904|
C0             |S<20>          |   26.496|
C0             |S<21>          |   27.956|
C0             |S<22>          |   28.392|
C0             |S<23>          |   29.129|
C0             |S<24>          |   30.565|
C0             |S<25>          |   30.870|
C0             |S<26>          |   31.661|
C0             |S<27>          |   31.946|
C0             |S<28>          |   32.957|
C0             |S<29>          |   33.649|
C0             |S<30>          |   34.479|
C0             |S<31>          |   35.171|
X<0>           |COUT           |   34.561|
X<0>           |S<0>           |    7.285|
X<0>           |S<1>           |    7.401|
X<0>           |S<2>           |    8.842|
X<0>           |S<3>           |    9.411|
X<0>           |S<4>           |   10.183|
X<0>           |S<5>           |   12.974|
X<0>           |S<6>           |   13.986|
X<0>           |S<7>           |   14.813|
X<0>           |S<8>           |   15.837|
X<0>           |S<9>           |   15.842|
X<0>           |S<10>          |   17.300|
X<0>           |S<11>          |   16.583|
X<0>           |S<12>          |   18.763|
X<0>           |S<13>          |   20.306|
X<0>           |S<14>          |   20.182|
X<0>           |S<15>          |   20.841|
X<0>           |S<16>          |   21.938|
X<0>           |S<17>          |   22.476|
X<0>           |S<18>          |   22.745|
X<0>           |S<19>          |   23.315|
X<0>           |S<20>          |   25.907|
X<0>           |S<21>          |   27.367|
X<0>           |S<22>          |   27.803|
X<0>           |S<23>          |   28.540|
X<0>           |S<24>          |   29.976|
X<0>           |S<25>          |   30.281|
X<0>           |S<26>          |   31.072|
X<0>           |S<27>          |   31.357|
X<0>           |S<28>          |   32.368|
X<0>           |S<29>          |   33.060|
X<0>           |S<30>          |   33.890|
X<0>           |S<31>          |   34.582|
X<1>           |COUT           |   34.503|
X<1>           |S<1>           |    6.800|
X<1>           |S<2>           |    8.784|
X<1>           |S<3>           |    9.353|
X<1>           |S<4>           |   10.125|
X<1>           |S<5>           |   12.916|
X<1>           |S<6>           |   13.928|
X<1>           |S<7>           |   14.755|
X<1>           |S<8>           |   15.779|
X<1>           |S<9>           |   15.784|
X<1>           |S<10>          |   17.242|
X<1>           |S<11>          |   16.525|
X<1>           |S<12>          |   18.705|
X<1>           |S<13>          |   20.248|
X<1>           |S<14>          |   20.124|
X<1>           |S<15>          |   20.783|
X<1>           |S<16>          |   21.880|
X<1>           |S<17>          |   22.418|
X<1>           |S<18>          |   22.687|
X<1>           |S<19>          |   23.257|
X<1>           |S<20>          |   25.849|
X<1>           |S<21>          |   27.309|
X<1>           |S<22>          |   27.745|
X<1>           |S<23>          |   28.482|
X<1>           |S<24>          |   29.918|
X<1>           |S<25>          |   30.223|
X<1>           |S<26>          |   31.014|
X<1>           |S<27>          |   31.299|
X<1>           |S<28>          |   32.310|
X<1>           |S<29>          |   33.002|
X<1>           |S<30>          |   33.832|
X<1>           |S<31>          |   34.524|
X<2>           |COUT           |   34.071|
X<2>           |S<2>           |    8.055|
X<2>           |S<3>           |    8.921|
X<2>           |S<4>           |    9.693|
X<2>           |S<5>           |   12.484|
X<2>           |S<6>           |   13.496|
X<2>           |S<7>           |   14.323|
X<2>           |S<8>           |   15.347|
X<2>           |S<9>           |   15.352|
X<2>           |S<10>          |   16.810|
X<2>           |S<11>          |   16.093|
X<2>           |S<12>          |   18.273|
X<2>           |S<13>          |   19.816|
X<2>           |S<14>          |   19.692|
X<2>           |S<15>          |   20.351|
X<2>           |S<16>          |   21.448|
X<2>           |S<17>          |   21.986|
X<2>           |S<18>          |   22.255|
X<2>           |S<19>          |   22.825|
X<2>           |S<20>          |   25.417|
X<2>           |S<21>          |   26.877|
X<2>           |S<22>          |   27.313|
X<2>           |S<23>          |   28.050|
X<2>           |S<24>          |   29.486|
X<2>           |S<25>          |   29.791|
X<2>           |S<26>          |   30.582|
X<2>           |S<27>          |   30.867|
X<2>           |S<28>          |   31.878|
X<2>           |S<29>          |   32.570|
X<2>           |S<30>          |   33.400|
X<2>           |S<31>          |   34.092|
X<3>           |COUT           |   32.727|
X<3>           |S<3>           |    7.516|
X<3>           |S<4>           |    8.349|
X<3>           |S<5>           |   11.140|
X<3>           |S<6>           |   12.152|
X<3>           |S<7>           |   12.979|
X<3>           |S<8>           |   14.003|
X<3>           |S<9>           |   14.008|
X<3>           |S<10>          |   15.466|
X<3>           |S<11>          |   14.749|
X<3>           |S<12>          |   16.929|
X<3>           |S<13>          |   18.472|
X<3>           |S<14>          |   18.348|
X<3>           |S<15>          |   19.007|
X<3>           |S<16>          |   20.104|
X<3>           |S<17>          |   20.642|
X<3>           |S<18>          |   20.911|
X<3>           |S<19>          |   21.481|
X<3>           |S<20>          |   24.073|
X<3>           |S<21>          |   25.533|
X<3>           |S<22>          |   25.969|
X<3>           |S<23>          |   26.706|
X<3>           |S<24>          |   28.142|
X<3>           |S<25>          |   28.447|
X<3>           |S<26>          |   29.238|
X<3>           |S<27>          |   29.523|
X<3>           |S<28>          |   30.534|
X<3>           |S<29>          |   31.226|
X<3>           |S<30>          |   32.056|
X<3>           |S<31>          |   32.748|
X<4>           |COUT           |   31.972|
X<4>           |S<4>           |    7.918|
X<4>           |S<5>           |   10.385|
X<4>           |S<6>           |   11.397|
X<4>           |S<7>           |   12.224|
X<4>           |S<8>           |   13.248|
X<4>           |S<9>           |   13.253|
X<4>           |S<10>          |   14.711|
X<4>           |S<11>          |   13.994|
X<4>           |S<12>          |   16.174|
X<4>           |S<13>          |   17.717|
X<4>           |S<14>          |   17.593|
X<4>           |S<15>          |   18.252|
X<4>           |S<16>          |   19.349|
X<4>           |S<17>          |   19.887|
X<4>           |S<18>          |   20.156|
X<4>           |S<19>          |   20.726|
X<4>           |S<20>          |   23.318|
X<4>           |S<21>          |   24.778|
X<4>           |S<22>          |   25.214|
X<4>           |S<23>          |   25.951|
X<4>           |S<24>          |   27.387|
X<4>           |S<25>          |   27.692|
X<4>           |S<26>          |   28.483|
X<4>           |S<27>          |   28.768|
X<4>           |S<28>          |   29.779|
X<4>           |S<29>          |   30.471|
X<4>           |S<30>          |   31.301|
X<4>           |S<31>          |   31.993|
X<5>           |COUT           |   31.615|
X<5>           |S<5>           |    9.559|
X<5>           |S<6>           |   11.040|
X<5>           |S<7>           |   11.867|
X<5>           |S<8>           |   12.891|
X<5>           |S<9>           |   12.896|
X<5>           |S<10>          |   14.354|
X<5>           |S<11>          |   13.637|
X<5>           |S<12>          |   15.817|
X<5>           |S<13>          |   17.360|
X<5>           |S<14>          |   17.236|
X<5>           |S<15>          |   17.895|
X<5>           |S<16>          |   18.992|
X<5>           |S<17>          |   19.530|
X<5>           |S<18>          |   19.799|
X<5>           |S<19>          |   20.369|
X<5>           |S<20>          |   22.961|
X<5>           |S<21>          |   24.421|
X<5>           |S<22>          |   24.857|
X<5>           |S<23>          |   25.594|
X<5>           |S<24>          |   27.030|
X<5>           |S<25>          |   27.335|
X<5>           |S<26>          |   28.126|
X<5>           |S<27>          |   28.411|
X<5>           |S<28>          |   29.422|
X<5>           |S<29>          |   30.114|
X<5>           |S<30>          |   30.944|
X<5>           |S<31>          |   31.636|
X<6>           |COUT           |   29.829|
X<6>           |S<6>           |    9.561|
X<6>           |S<7>           |   10.081|
X<6>           |S<8>           |   11.105|
X<6>           |S<9>           |   11.110|
X<6>           |S<10>          |   12.568|
X<6>           |S<11>          |   11.851|
X<6>           |S<12>          |   14.031|
X<6>           |S<13>          |   15.574|
X<6>           |S<14>          |   15.450|
X<6>           |S<15>          |   16.109|
X<6>           |S<16>          |   17.206|
X<6>           |S<17>          |   17.744|
X<6>           |S<18>          |   18.013|
X<6>           |S<19>          |   18.583|
X<6>           |S<20>          |   21.175|
X<6>           |S<21>          |   22.635|
X<6>           |S<22>          |   23.071|
X<6>           |S<23>          |   23.808|
X<6>           |S<24>          |   25.244|
X<6>           |S<25>          |   25.549|
X<6>           |S<26>          |   26.340|
X<6>           |S<27>          |   26.625|
X<6>           |S<28>          |   27.636|
X<6>           |S<29>          |   28.328|
X<6>           |S<30>          |   29.158|
X<6>           |S<31>          |   29.850|
X<7>           |COUT           |   29.611|
X<7>           |S<7>           |    9.795|
X<7>           |S<8>           |   10.887|
X<7>           |S<9>           |   10.892|
X<7>           |S<10>          |   12.350|
X<7>           |S<11>          |   11.633|
X<7>           |S<12>          |   13.813|
X<7>           |S<13>          |   15.356|
X<7>           |S<14>          |   15.232|
X<7>           |S<15>          |   15.891|
X<7>           |S<16>          |   16.988|
X<7>           |S<17>          |   17.526|
X<7>           |S<18>          |   17.795|
X<7>           |S<19>          |   18.365|
X<7>           |S<20>          |   20.957|
X<7>           |S<21>          |   22.417|
X<7>           |S<22>          |   22.853|
X<7>           |S<23>          |   23.590|
X<7>           |S<24>          |   25.026|
X<7>           |S<25>          |   25.331|
X<7>           |S<26>          |   26.122|
X<7>           |S<27>          |   26.407|
X<7>           |S<28>          |   27.418|
X<7>           |S<29>          |   28.110|
X<7>           |S<30>          |   28.940|
X<7>           |S<31>          |   29.632|
X<8>           |COUT           |   28.146|
X<8>           |S<8>           |    9.669|
X<8>           |S<9>           |    9.427|
X<8>           |S<10>          |   10.885|
X<8>           |S<11>          |   10.168|
X<8>           |S<12>          |   12.348|
X<8>           |S<13>          |   13.891|
X<8>           |S<14>          |   13.767|
X<8>           |S<15>          |   14.426|
X<8>           |S<16>          |   15.523|
X<8>           |S<17>          |   16.061|
X<8>           |S<18>          |   16.330|
X<8>           |S<19>          |   16.900|
X<8>           |S<20>          |   19.492|
X<8>           |S<21>          |   20.952|
X<8>           |S<22>          |   21.388|
X<8>           |S<23>          |   22.125|
X<8>           |S<24>          |   23.561|
X<8>           |S<25>          |   23.866|
X<8>           |S<26>          |   24.657|
X<8>           |S<27>          |   24.942|
X<8>           |S<28>          |   25.953|
X<8>           |S<29>          |   26.645|
X<8>           |S<30>          |   27.475|
X<8>           |S<31>          |   28.167|
X<9>           |COUT           |   27.551|
X<9>           |S<9>           |    8.893|
X<9>           |S<10>          |   10.290|
X<9>           |S<11>          |    9.573|
X<9>           |S<12>          |   11.753|
X<9>           |S<13>          |   13.296|
X<9>           |S<14>          |   13.172|
X<9>           |S<15>          |   13.831|
X<9>           |S<16>          |   14.928|
X<9>           |S<17>          |   15.466|
X<9>           |S<18>          |   15.735|
X<9>           |S<19>          |   16.305|
X<9>           |S<20>          |   18.897|
X<9>           |S<21>          |   20.357|
X<9>           |S<22>          |   20.793|
X<9>           |S<23>          |   21.530|
X<9>           |S<24>          |   22.966|
X<9>           |S<25>          |   23.271|
X<9>           |S<26>          |   24.062|
X<9>           |S<27>          |   24.347|
X<9>           |S<28>          |   25.358|
X<9>           |S<29>          |   26.050|
X<9>           |S<30>          |   26.880|
X<9>           |S<31>          |   27.572|
X<10>          |COUT           |   27.015|
X<10>          |S<10>          |   10.194|
X<10>          |S<11>          |    9.037|
X<10>          |S<12>          |   11.217|
X<10>          |S<13>          |   12.760|
X<10>          |S<14>          |   12.636|
X<10>          |S<15>          |   13.295|
X<10>          |S<16>          |   14.392|
X<10>          |S<17>          |   14.930|
X<10>          |S<18>          |   15.199|
X<10>          |S<19>          |   15.769|
X<10>          |S<20>          |   18.361|
X<10>          |S<21>          |   19.821|
X<10>          |S<22>          |   20.257|
X<10>          |S<23>          |   20.994|
X<10>          |S<24>          |   22.430|
X<10>          |S<25>          |   22.735|
X<10>          |S<26>          |   23.526|
X<10>          |S<27>          |   23.811|
X<10>          |S<28>          |   24.822|
X<10>          |S<29>          |   25.514|
X<10>          |S<30>          |   26.344|
X<10>          |S<31>          |   27.036|
X<11>          |COUT           |   26.742|
X<11>          |S<11>          |    8.800|
X<11>          |S<12>          |   10.944|
X<11>          |S<13>          |   12.487|
X<11>          |S<14>          |   12.363|
X<11>          |S<15>          |   13.022|
X<11>          |S<16>          |   14.119|
X<11>          |S<17>          |   14.657|
X<11>          |S<18>          |   14.926|
X<11>          |S<19>          |   15.496|
X<11>          |S<20>          |   18.088|
X<11>          |S<21>          |   19.548|
X<11>          |S<22>          |   19.984|
X<11>          |S<23>          |   20.721|
X<11>          |S<24>          |   22.157|
X<11>          |S<25>          |   22.462|
X<11>          |S<26>          |   23.253|
X<11>          |S<27>          |   23.538|
X<11>          |S<28>          |   24.549|
X<11>          |S<29>          |   25.241|
X<11>          |S<30>          |   26.071|
X<11>          |S<31>          |   26.763|
X<12>          |COUT           |   25.032|
X<12>          |S<12>          |   10.727|
X<12>          |S<13>          |   10.777|
X<12>          |S<14>          |   10.653|
X<12>          |S<15>          |   11.312|
X<12>          |S<16>          |   12.409|
X<12>          |S<17>          |   12.947|
X<12>          |S<18>          |   13.216|
X<12>          |S<19>          |   13.786|
X<12>          |S<20>          |   16.378|
X<12>          |S<21>          |   17.838|
X<12>          |S<22>          |   18.274|
X<12>          |S<23>          |   19.011|
X<12>          |S<24>          |   20.447|
X<12>          |S<25>          |   20.752|
X<12>          |S<26>          |   21.543|
X<12>          |S<27>          |   21.828|
X<12>          |S<28>          |   22.839|
X<12>          |S<29>          |   23.531|
X<12>          |S<30>          |   24.361|
X<12>          |S<31>          |   25.053|
X<13>          |COUT           |   23.906|
X<13>          |S<13>          |    9.966|
X<13>          |S<14>          |    9.527|
X<13>          |S<15>          |   10.186|
X<13>          |S<16>          |   11.283|
X<13>          |S<17>          |   11.821|
X<13>          |S<18>          |   12.090|
X<13>          |S<19>          |   12.660|
X<13>          |S<20>          |   15.252|
X<13>          |S<21>          |   16.712|
X<13>          |S<22>          |   17.148|
X<13>          |S<23>          |   17.885|
X<13>          |S<24>          |   19.321|
X<13>          |S<25>          |   19.626|
X<13>          |S<26>          |   20.417|
X<13>          |S<27>          |   20.702|
X<13>          |S<28>          |   21.713|
X<13>          |S<29>          |   22.405|
X<13>          |S<30>          |   23.235|
X<13>          |S<31>          |   23.927|
X<14>          |COUT           |   23.840|
X<14>          |S<14>          |    9.168|
X<14>          |S<15>          |   10.120|
X<14>          |S<16>          |   11.217|
X<14>          |S<17>          |   11.755|
X<14>          |S<18>          |   12.024|
X<14>          |S<19>          |   12.594|
X<14>          |S<20>          |   15.186|
X<14>          |S<21>          |   16.646|
X<14>          |S<22>          |   17.082|
X<14>          |S<23>          |   17.819|
X<14>          |S<24>          |   19.255|
X<14>          |S<25>          |   19.560|
X<14>          |S<26>          |   20.351|
X<14>          |S<27>          |   20.636|
X<14>          |S<28>          |   21.647|
X<14>          |S<29>          |   22.339|
X<14>          |S<30>          |   23.169|
X<14>          |S<31>          |   23.861|
X<15>          |COUT           |   23.653|
X<15>          |S<15>          |    9.233|
X<15>          |S<16>          |   11.030|
X<15>          |S<17>          |   11.568|
X<15>          |S<18>          |   11.837|
X<15>          |S<19>          |   12.407|
X<15>          |S<20>          |   14.999|
X<15>          |S<21>          |   16.459|
X<15>          |S<22>          |   16.895|
X<15>          |S<23>          |   17.632|
X<15>          |S<24>          |   19.068|
X<15>          |S<25>          |   19.373|
X<15>          |S<26>          |   20.164|
X<15>          |S<27>          |   20.449|
X<15>          |S<28>          |   21.460|
X<15>          |S<29>          |   22.152|
X<15>          |S<30>          |   22.982|
X<15>          |S<31>          |   23.674|
X<16>          |COUT           |   22.352|
X<16>          |S<16>          |   10.002|
X<16>          |S<17>          |   10.267|
X<16>          |S<18>          |   10.536|
X<16>          |S<19>          |   11.106|
X<16>          |S<20>          |   13.698|
X<16>          |S<21>          |   15.158|
X<16>          |S<22>          |   15.594|
X<16>          |S<23>          |   16.331|
X<16>          |S<24>          |   17.767|
X<16>          |S<25>          |   18.072|
X<16>          |S<26>          |   18.863|
X<16>          |S<27>          |   19.148|
X<16>          |S<28>          |   20.159|
X<16>          |S<29>          |   20.851|
X<16>          |S<30>          |   21.681|
X<16>          |S<31>          |   22.373|
X<17>          |COUT           |   22.220|
X<17>          |S<17>          |   10.067|
X<17>          |S<18>          |   10.404|
X<17>          |S<19>          |   10.974|
X<17>          |S<20>          |   13.566|
X<17>          |S<21>          |   15.026|
X<17>          |S<22>          |   15.462|
X<17>          |S<23>          |   16.199|
X<17>          |S<24>          |   17.635|
X<17>          |S<25>          |   17.940|
X<17>          |S<26>          |   18.731|
X<17>          |S<27>          |   19.016|
X<17>          |S<28>          |   20.027|
X<17>          |S<29>          |   20.719|
X<17>          |S<30>          |   21.549|
X<17>          |S<31>          |   22.241|
X<18>          |COUT           |   21.401|
X<18>          |S<18>          |    9.408|
X<18>          |S<19>          |   10.155|
X<18>          |S<20>          |   12.747|
X<18>          |S<21>          |   14.207|
X<18>          |S<22>          |   14.643|
X<18>          |S<23>          |   15.380|
X<18>          |S<24>          |   16.816|
X<18>          |S<25>          |   17.121|
X<18>          |S<26>          |   17.912|
X<18>          |S<27>          |   18.197|
X<18>          |S<28>          |   19.208|
X<18>          |S<29>          |   19.900|
X<18>          |S<30>          |   20.730|
X<18>          |S<31>          |   21.422|
X<19>          |COUT           |   20.333|
X<19>          |S<19>          |    9.212|
X<19>          |S<20>          |   11.679|
X<19>          |S<21>          |   13.139|
X<19>          |S<22>          |   13.575|
X<19>          |S<23>          |   14.312|
X<19>          |S<24>          |   15.748|
X<19>          |S<25>          |   16.053|
X<19>          |S<26>          |   16.844|
X<19>          |S<27>          |   17.129|
X<19>          |S<28>          |   18.140|
X<19>          |S<29>          |   18.832|
X<19>          |S<30>          |   19.662|
X<19>          |S<31>          |   20.354|
X<20>          |COUT           |   18.246|
X<20>          |S<20>          |    9.589|
X<20>          |S<21>          |   11.052|
X<20>          |S<22>          |   11.488|
X<20>          |S<23>          |   12.225|
X<20>          |S<24>          |   13.661|
X<20>          |S<25>          |   13.966|
X<20>          |S<26>          |   14.757|
X<20>          |S<27>          |   15.042|
X<20>          |S<28>          |   16.053|
X<20>          |S<29>          |   16.745|
X<20>          |S<30>          |   17.575|
X<20>          |S<31>          |   18.267|
X<21>          |COUT           |   16.825|
X<21>          |S<21>          |   10.048|
X<21>          |S<22>          |   10.067|
X<21>          |S<23>          |   10.804|
X<21>          |S<24>          |   12.240|
X<21>          |S<25>          |   12.545|
X<21>          |S<26>          |   13.336|
X<21>          |S<27>          |   13.621|
X<21>          |S<28>          |   14.632|
X<21>          |S<29>          |   15.324|
X<21>          |S<30>          |   16.154|
X<21>          |S<31>          |   16.846|
X<22>          |COUT           |   16.908|
X<22>          |S<22>          |    9.861|
X<22>          |S<23>          |   10.887|
X<22>          |S<24>          |   12.323|
X<22>          |S<25>          |   12.628|
X<22>          |S<26>          |   13.419|
X<22>          |S<27>          |   13.704|
X<22>          |S<28>          |   14.715|
X<22>          |S<29>          |   15.407|
X<22>          |S<30>          |   16.237|
X<22>          |S<31>          |   16.929|
X<23>          |COUT           |   16.100|
X<23>          |S<23>          |    9.648|
X<23>          |S<24>          |   11.515|
X<23>          |S<25>          |   11.820|
X<23>          |S<26>          |   12.611|
X<23>          |S<27>          |   12.896|
X<23>          |S<28>          |   13.907|
X<23>          |S<29>          |   14.599|
X<23>          |S<30>          |   15.429|
X<23>          |S<31>          |   16.121|
X<24>          |COUT           |   14.838|
X<24>          |S<24>          |   10.266|
X<24>          |S<25>          |   10.558|
X<24>          |S<26>          |   11.349|
X<24>          |S<27>          |   11.634|
X<24>          |S<28>          |   12.645|
X<24>          |S<29>          |   13.337|
X<24>          |S<30>          |   14.167|
X<24>          |S<31>          |   14.859|
X<25>          |COUT           |   13.734|
X<25>          |S<25>          |    9.336|
X<25>          |S<26>          |   10.245|
X<25>          |S<27>          |   10.530|
X<25>          |S<28>          |   11.541|
X<25>          |S<29>          |   12.233|
X<25>          |S<30>          |   13.063|
X<25>          |S<31>          |   13.755|
X<26>          |COUT           |   13.582|
X<26>          |S<26>          |    9.801|
X<26>          |S<27>          |   10.378|
X<26>          |S<28>          |   11.389|
X<26>          |S<29>          |   12.081|
X<26>          |S<30>          |   12.911|
X<26>          |S<31>          |   13.603|
X<27>          |COUT           |   12.600|
X<27>          |S<27>          |    9.328|
X<27>          |S<28>          |   10.407|
X<27>          |S<29>          |   11.099|
X<27>          |S<30>          |   11.929|
X<27>          |S<31>          |   12.621|
X<28>          |COUT           |   12.164|
X<28>          |S<28>          |    9.698|
X<28>          |S<29>          |   10.663|
X<28>          |S<30>          |   11.493|
X<28>          |S<31>          |   12.185|
X<29>          |COUT           |   12.125|
X<29>          |S<29>          |    9.718|
X<29>          |S<30>          |   11.454|
X<29>          |S<31>          |   12.146|
X<30>          |COUT           |   10.365|
X<30>          |S<30>          |    9.679|
X<30>          |S<31>          |   10.386|
X<31>          |COUT           |    9.265|
X<31>          |S<31>          |    8.767|
Y<0>           |COUT           |   34.981|
Y<0>           |S<0>           |    7.321|
Y<0>           |S<1>           |    7.821|
Y<0>           |S<2>           |    9.262|
Y<0>           |S<3>           |    9.831|
Y<0>           |S<4>           |   10.603|
Y<0>           |S<5>           |   13.394|
Y<0>           |S<6>           |   14.406|
Y<0>           |S<7>           |   15.233|
Y<0>           |S<8>           |   16.257|
Y<0>           |S<9>           |   16.262|
Y<0>           |S<10>          |   17.720|
Y<0>           |S<11>          |   17.003|
Y<0>           |S<12>          |   19.183|
Y<0>           |S<13>          |   20.726|
Y<0>           |S<14>          |   20.602|
Y<0>           |S<15>          |   21.261|
Y<0>           |S<16>          |   22.358|
Y<0>           |S<17>          |   22.896|
Y<0>           |S<18>          |   23.165|
Y<0>           |S<19>          |   23.735|
Y<0>           |S<20>          |   26.327|
Y<0>           |S<21>          |   27.787|
Y<0>           |S<22>          |   28.223|
Y<0>           |S<23>          |   28.960|
Y<0>           |S<24>          |   30.396|
Y<0>           |S<25>          |   30.701|
Y<0>           |S<26>          |   31.492|
Y<0>           |S<27>          |   31.777|
Y<0>           |S<28>          |   32.788|
Y<0>           |S<29>          |   33.480|
Y<0>           |S<30>          |   34.310|
Y<0>           |S<31>          |   35.002|
Y<1>           |COUT           |   34.200|
Y<1>           |S<1>           |    7.383|
Y<1>           |S<2>           |    8.481|
Y<1>           |S<3>           |    9.050|
Y<1>           |S<4>           |    9.822|
Y<1>           |S<5>           |   12.613|
Y<1>           |S<6>           |   13.625|
Y<1>           |S<7>           |   14.452|
Y<1>           |S<8>           |   15.476|
Y<1>           |S<9>           |   15.481|
Y<1>           |S<10>          |   16.939|
Y<1>           |S<11>          |   16.222|
Y<1>           |S<12>          |   18.402|
Y<1>           |S<13>          |   19.945|
Y<1>           |S<14>          |   19.821|
Y<1>           |S<15>          |   20.480|
Y<1>           |S<16>          |   21.577|
Y<1>           |S<17>          |   22.115|
Y<1>           |S<18>          |   22.384|
Y<1>           |S<19>          |   22.954|
Y<1>           |S<20>          |   25.546|
Y<1>           |S<21>          |   27.006|
Y<1>           |S<22>          |   27.442|
Y<1>           |S<23>          |   28.179|
Y<1>           |S<24>          |   29.615|
Y<1>           |S<25>          |   29.920|
Y<1>           |S<26>          |   30.711|
Y<1>           |S<27>          |   30.996|
Y<1>           |S<28>          |   32.007|
Y<1>           |S<29>          |   32.699|
Y<1>           |S<30>          |   33.529|
Y<1>           |S<31>          |   34.221|
Y<2>           |COUT           |   34.416|
Y<2>           |S<2>           |    7.509|
Y<2>           |S<3>           |    9.266|
Y<2>           |S<4>           |   10.038|
Y<2>           |S<5>           |   12.829|
Y<2>           |S<6>           |   13.841|
Y<2>           |S<7>           |   14.668|
Y<2>           |S<8>           |   15.692|
Y<2>           |S<9>           |   15.697|
Y<2>           |S<10>          |   17.155|
Y<2>           |S<11>          |   16.438|
Y<2>           |S<12>          |   18.618|
Y<2>           |S<13>          |   20.161|
Y<2>           |S<14>          |   20.037|
Y<2>           |S<15>          |   20.696|
Y<2>           |S<16>          |   21.793|
Y<2>           |S<17>          |   22.331|
Y<2>           |S<18>          |   22.600|
Y<2>           |S<19>          |   23.170|
Y<2>           |S<20>          |   25.762|
Y<2>           |S<21>          |   27.222|
Y<2>           |S<22>          |   27.658|
Y<2>           |S<23>          |   28.395|
Y<2>           |S<24>          |   29.831|
Y<2>           |S<25>          |   30.136|
Y<2>           |S<26>          |   30.927|
Y<2>           |S<27>          |   31.212|
Y<2>           |S<28>          |   32.223|
Y<2>           |S<29>          |   32.915|
Y<2>           |S<30>          |   33.745|
Y<2>           |S<31>          |   34.437|
Y<3>           |COUT           |   33.274|
Y<3>           |S<3>           |    8.137|
Y<3>           |S<4>           |    8.896|
Y<3>           |S<5>           |   11.687|
Y<3>           |S<6>           |   12.699|
Y<3>           |S<7>           |   13.526|
Y<3>           |S<8>           |   14.550|
Y<3>           |S<9>           |   14.555|
Y<3>           |S<10>          |   16.013|
Y<3>           |S<11>          |   15.296|
Y<3>           |S<12>          |   17.476|
Y<3>           |S<13>          |   19.019|
Y<3>           |S<14>          |   18.895|
Y<3>           |S<15>          |   19.554|
Y<3>           |S<16>          |   20.651|
Y<3>           |S<17>          |   21.189|
Y<3>           |S<18>          |   21.458|
Y<3>           |S<19>          |   22.028|
Y<3>           |S<20>          |   24.620|
Y<3>           |S<21>          |   26.080|
Y<3>           |S<22>          |   26.516|
Y<3>           |S<23>          |   27.253|
Y<3>           |S<24>          |   28.689|
Y<3>           |S<25>          |   28.994|
Y<3>           |S<26>          |   29.785|
Y<3>           |S<27>          |   30.070|
Y<3>           |S<28>          |   31.081|
Y<3>           |S<29>          |   31.773|
Y<3>           |S<30>          |   32.603|
Y<3>           |S<31>          |   33.295|
Y<4>           |COUT           |   31.817|
Y<4>           |S<4>           |    7.763|
Y<4>           |S<5>           |   10.230|
Y<4>           |S<6>           |   11.242|
Y<4>           |S<7>           |   12.069|
Y<4>           |S<8>           |   13.093|
Y<4>           |S<9>           |   13.098|
Y<4>           |S<10>          |   14.556|
Y<4>           |S<11>          |   13.839|
Y<4>           |S<12>          |   16.019|
Y<4>           |S<13>          |   17.562|
Y<4>           |S<14>          |   17.438|
Y<4>           |S<15>          |   18.097|
Y<4>           |S<16>          |   19.194|
Y<4>           |S<17>          |   19.732|
Y<4>           |S<18>          |   20.001|
Y<4>           |S<19>          |   20.571|
Y<4>           |S<20>          |   23.163|
Y<4>           |S<21>          |   24.623|
Y<4>           |S<22>          |   25.059|
Y<4>           |S<23>          |   25.796|
Y<4>           |S<24>          |   27.232|
Y<4>           |S<25>          |   27.537|
Y<4>           |S<26>          |   28.328|
Y<4>           |S<27>          |   28.613|
Y<4>           |S<28>          |   29.624|
Y<4>           |S<29>          |   30.316|
Y<4>           |S<30>          |   31.146|
Y<4>           |S<31>          |   31.838|
Y<5>           |COUT           |   30.951|
Y<5>           |S<5>           |    8.994|
Y<5>           |S<6>           |   10.376|
Y<5>           |S<7>           |   11.203|
Y<5>           |S<8>           |   12.227|
Y<5>           |S<9>           |   12.232|
Y<5>           |S<10>          |   13.690|
Y<5>           |S<11>          |   12.973|
Y<5>           |S<12>          |   15.153|
Y<5>           |S<13>          |   16.696|
Y<5>           |S<14>          |   16.572|
Y<5>           |S<15>          |   17.231|
Y<5>           |S<16>          |   18.328|
Y<5>           |S<17>          |   18.866|
Y<5>           |S<18>          |   19.135|
Y<5>           |S<19>          |   19.705|
Y<5>           |S<20>          |   22.297|
Y<5>           |S<21>          |   23.757|
Y<5>           |S<22>          |   24.193|
Y<5>           |S<23>          |   24.930|
Y<5>           |S<24>          |   26.366|
Y<5>           |S<25>          |   26.671|
Y<5>           |S<26>          |   27.462|
Y<5>           |S<27>          |   27.747|
Y<5>           |S<28>          |   28.758|
Y<5>           |S<29>          |   29.450|
Y<5>           |S<30>          |   30.280|
Y<5>           |S<31>          |   30.972|
Y<6>           |COUT           |   29.301|
Y<6>           |S<6>           |    9.609|
Y<6>           |S<7>           |    9.553|
Y<6>           |S<8>           |   10.577|
Y<6>           |S<9>           |   10.582|
Y<6>           |S<10>          |   12.040|
Y<6>           |S<11>          |   11.323|
Y<6>           |S<12>          |   13.503|
Y<6>           |S<13>          |   15.046|
Y<6>           |S<14>          |   14.922|
Y<6>           |S<15>          |   15.581|
Y<6>           |S<16>          |   16.678|
Y<6>           |S<17>          |   17.216|
Y<6>           |S<18>          |   17.485|
Y<6>           |S<19>          |   18.055|
Y<6>           |S<20>          |   20.647|
Y<6>           |S<21>          |   22.107|
Y<6>           |S<22>          |   22.543|
Y<6>           |S<23>          |   23.280|
Y<6>           |S<24>          |   24.716|
Y<6>           |S<25>          |   25.021|
Y<6>           |S<26>          |   25.812|
Y<6>           |S<27>          |   26.097|
Y<6>           |S<28>          |   27.108|
Y<6>           |S<29>          |   27.800|
Y<6>           |S<30>          |   28.630|
Y<6>           |S<31>          |   29.322|
Y<7>           |COUT           |   29.463|
Y<7>           |S<7>           |    9.751|
Y<7>           |S<8>           |   10.739|
Y<7>           |S<9>           |   10.744|
Y<7>           |S<10>          |   12.202|
Y<7>           |S<11>          |   11.485|
Y<7>           |S<12>          |   13.665|
Y<7>           |S<13>          |   15.208|
Y<7>           |S<14>          |   15.084|
Y<7>           |S<15>          |   15.743|
Y<7>           |S<16>          |   16.840|
Y<7>           |S<17>          |   17.378|
Y<7>           |S<18>          |   17.647|
Y<7>           |S<19>          |   18.217|
Y<7>           |S<20>          |   20.809|
Y<7>           |S<21>          |   22.269|
Y<7>           |S<22>          |   22.705|
Y<7>           |S<23>          |   23.442|
Y<7>           |S<24>          |   24.878|
Y<7>           |S<25>          |   25.183|
Y<7>           |S<26>          |   25.974|
Y<7>           |S<27>          |   26.259|
Y<7>           |S<28>          |   27.270|
Y<7>           |S<29>          |   27.962|
Y<7>           |S<30>          |   28.792|
Y<7>           |S<31>          |   29.484|
Y<8>           |COUT           |   28.390|
Y<8>           |S<8>           |    9.704|
Y<8>           |S<9>           |    9.671|
Y<8>           |S<10>          |   11.129|
Y<8>           |S<11>          |   10.412|
Y<8>           |S<12>          |   12.592|
Y<8>           |S<13>          |   14.135|
Y<8>           |S<14>          |   14.011|
Y<8>           |S<15>          |   14.670|
Y<8>           |S<16>          |   15.767|
Y<8>           |S<17>          |   16.305|
Y<8>           |S<18>          |   16.574|
Y<8>           |S<19>          |   17.144|
Y<8>           |S<20>          |   19.736|
Y<8>           |S<21>          |   21.196|
Y<8>           |S<22>          |   21.632|
Y<8>           |S<23>          |   22.369|
Y<8>           |S<24>          |   23.805|
Y<8>           |S<25>          |   24.110|
Y<8>           |S<26>          |   24.901|
Y<8>           |S<27>          |   25.186|
Y<8>           |S<28>          |   26.197|
Y<8>           |S<29>          |   26.889|
Y<8>           |S<30>          |   27.719|
Y<8>           |S<31>          |   28.411|
Y<9>           |COUT           |   28.109|
Y<9>           |S<9>           |    9.464|
Y<9>           |S<10>          |   10.848|
Y<9>           |S<11>          |   10.131|
Y<9>           |S<12>          |   12.311|
Y<9>           |S<13>          |   13.854|
Y<9>           |S<14>          |   13.730|
Y<9>           |S<15>          |   14.389|
Y<9>           |S<16>          |   15.486|
Y<9>           |S<17>          |   16.024|
Y<9>           |S<18>          |   16.293|
Y<9>           |S<19>          |   16.863|
Y<9>           |S<20>          |   19.455|
Y<9>           |S<21>          |   20.915|
Y<9>           |S<22>          |   21.351|
Y<9>           |S<23>          |   22.088|
Y<9>           |S<24>          |   23.524|
Y<9>           |S<25>          |   23.829|
Y<9>           |S<26>          |   24.620|
Y<9>           |S<27>          |   24.905|
Y<9>           |S<28>          |   25.916|
Y<9>           |S<29>          |   26.608|
Y<9>           |S<30>          |   27.438|
Y<9>           |S<31>          |   28.130|
Y<10>          |COUT           |   26.898|
Y<10>          |S<10>          |   10.311|
Y<10>          |S<11>          |    8.920|
Y<10>          |S<12>          |   11.100|
Y<10>          |S<13>          |   12.643|
Y<10>          |S<14>          |   12.519|
Y<10>          |S<15>          |   13.178|
Y<10>          |S<16>          |   14.275|
Y<10>          |S<17>          |   14.813|
Y<10>          |S<18>          |   15.082|
Y<10>          |S<19>          |   15.652|
Y<10>          |S<20>          |   18.244|
Y<10>          |S<21>          |   19.704|
Y<10>          |S<22>          |   20.140|
Y<10>          |S<23>          |   20.877|
Y<10>          |S<24>          |   22.313|
Y<10>          |S<25>          |   22.618|
Y<10>          |S<26>          |   23.409|
Y<10>          |S<27>          |   23.694|
Y<10>          |S<28>          |   24.705|
Y<10>          |S<29>          |   25.397|
Y<10>          |S<30>          |   26.227|
Y<10>          |S<31>          |   26.919|
Y<11>          |COUT           |   26.376|
Y<11>          |S<11>          |    8.503|
Y<11>          |S<12>          |   10.578|
Y<11>          |S<13>          |   12.121|
Y<11>          |S<14>          |   11.997|
Y<11>          |S<15>          |   12.656|
Y<11>          |S<16>          |   13.753|
Y<11>          |S<17>          |   14.291|
Y<11>          |S<18>          |   14.560|
Y<11>          |S<19>          |   15.130|
Y<11>          |S<20>          |   17.722|
Y<11>          |S<21>          |   19.182|
Y<11>          |S<22>          |   19.618|
Y<11>          |S<23>          |   20.355|
Y<11>          |S<24>          |   21.791|
Y<11>          |S<25>          |   22.096|
Y<11>          |S<26>          |   22.887|
Y<11>          |S<27>          |   23.172|
Y<11>          |S<28>          |   24.183|
Y<11>          |S<29>          |   24.875|
Y<11>          |S<30>          |   25.705|
Y<11>          |S<31>          |   26.397|
Y<12>          |COUT           |   24.749|
Y<12>          |S<12>          |    9.574|
Y<12>          |S<13>          |   10.494|
Y<12>          |S<14>          |   10.370|
Y<12>          |S<15>          |   11.029|
Y<12>          |S<16>          |   12.126|
Y<12>          |S<17>          |   12.664|
Y<12>          |S<18>          |   12.933|
Y<12>          |S<19>          |   13.503|
Y<12>          |S<20>          |   16.095|
Y<12>          |S<21>          |   17.555|
Y<12>          |S<22>          |   17.991|
Y<12>          |S<23>          |   18.728|
Y<12>          |S<24>          |   20.164|
Y<12>          |S<25>          |   20.469|
Y<12>          |S<26>          |   21.260|
Y<12>          |S<27>          |   21.545|
Y<12>          |S<28>          |   22.556|
Y<12>          |S<29>          |   23.248|
Y<12>          |S<30>          |   24.078|
Y<12>          |S<31>          |   24.770|
Y<13>          |COUT           |   24.061|
Y<13>          |S<13>          |    9.889|
Y<13>          |S<14>          |    9.682|
Y<13>          |S<15>          |   10.341|
Y<13>          |S<16>          |   11.438|
Y<13>          |S<17>          |   11.976|
Y<13>          |S<18>          |   12.245|
Y<13>          |S<19>          |   12.815|
Y<13>          |S<20>          |   15.407|
Y<13>          |S<21>          |   16.867|
Y<13>          |S<22>          |   17.303|
Y<13>          |S<23>          |   18.040|
Y<13>          |S<24>          |   19.476|
Y<13>          |S<25>          |   19.781|
Y<13>          |S<26>          |   20.572|
Y<13>          |S<27>          |   20.857|
Y<13>          |S<28>          |   21.868|
Y<13>          |S<29>          |   22.560|
Y<13>          |S<30>          |   23.390|
Y<13>          |S<31>          |   24.082|
Y<14>          |COUT           |   23.492|
Y<14>          |S<14>          |    9.093|
Y<14>          |S<15>          |    9.772|
Y<14>          |S<16>          |   10.869|
Y<14>          |S<17>          |   11.407|
Y<14>          |S<18>          |   11.676|
Y<14>          |S<19>          |   12.246|
Y<14>          |S<20>          |   14.838|
Y<14>          |S<21>          |   16.298|
Y<14>          |S<22>          |   16.734|
Y<14>          |S<23>          |   17.471|
Y<14>          |S<24>          |   18.907|
Y<14>          |S<25>          |   19.212|
Y<14>          |S<26>          |   20.003|
Y<14>          |S<27>          |   20.288|
Y<14>          |S<28>          |   21.299|
Y<14>          |S<29>          |   21.991|
Y<14>          |S<30>          |   22.821|
Y<14>          |S<31>          |   23.513|
Y<15>          |COUT           |   23.068|
Y<15>          |S<15>          |    9.300|
Y<15>          |S<16>          |   10.445|
Y<15>          |S<17>          |   10.983|
Y<15>          |S<18>          |   11.252|
Y<15>          |S<19>          |   11.822|
Y<15>          |S<20>          |   14.414|
Y<15>          |S<21>          |   15.874|
Y<15>          |S<22>          |   16.310|
Y<15>          |S<23>          |   17.047|
Y<15>          |S<24>          |   18.483|
Y<15>          |S<25>          |   18.788|
Y<15>          |S<26>          |   19.579|
Y<15>          |S<27>          |   19.864|
Y<15>          |S<28>          |   20.875|
Y<15>          |S<29>          |   21.567|
Y<15>          |S<30>          |   22.397|
Y<15>          |S<31>          |   23.089|
Y<16>          |COUT           |   22.099|
Y<16>          |S<16>          |    9.769|
Y<16>          |S<17>          |   10.014|
Y<16>          |S<18>          |   10.283|
Y<16>          |S<19>          |   10.853|
Y<16>          |S<20>          |   13.445|
Y<16>          |S<21>          |   14.905|
Y<16>          |S<22>          |   15.341|
Y<16>          |S<23>          |   16.078|
Y<16>          |S<24>          |   17.514|
Y<16>          |S<25>          |   17.819|
Y<16>          |S<26>          |   18.610|
Y<16>          |S<27>          |   18.895|
Y<16>          |S<28>          |   19.906|
Y<16>          |S<29>          |   20.598|
Y<16>          |S<30>          |   21.428|
Y<16>          |S<31>          |   22.120|
Y<17>          |COUT           |   21.747|
Y<17>          |S<17>          |    9.698|
Y<17>          |S<18>          |    9.931|
Y<17>          |S<19>          |   10.501|
Y<17>          |S<20>          |   13.093|
Y<17>          |S<21>          |   14.553|
Y<17>          |S<22>          |   14.989|
Y<17>          |S<23>          |   15.726|
Y<17>          |S<24>          |   17.162|
Y<17>          |S<25>          |   17.467|
Y<17>          |S<26>          |   18.258|
Y<17>          |S<27>          |   18.543|
Y<17>          |S<28>          |   19.554|
Y<17>          |S<29>          |   20.246|
Y<17>          |S<30>          |   21.076|
Y<17>          |S<31>          |   21.768|
Y<18>          |COUT           |   20.800|
Y<18>          |S<18>          |    8.534|
Y<18>          |S<19>          |    9.554|
Y<18>          |S<20>          |   12.146|
Y<18>          |S<21>          |   13.606|
Y<18>          |S<22>          |   14.042|
Y<18>          |S<23>          |   14.779|
Y<18>          |S<24>          |   16.215|
Y<18>          |S<25>          |   16.520|
Y<18>          |S<26>          |   17.311|
Y<18>          |S<27>          |   17.596|
Y<18>          |S<28>          |   18.607|
Y<18>          |S<29>          |   19.299|
Y<18>          |S<30>          |   20.129|
Y<18>          |S<31>          |   20.821|
Y<19>          |COUT           |   19.727|
Y<19>          |S<19>          |    8.967|
Y<19>          |S<20>          |   11.073|
Y<19>          |S<21>          |   12.533|
Y<19>          |S<22>          |   12.969|
Y<19>          |S<23>          |   13.706|
Y<19>          |S<24>          |   15.142|
Y<19>          |S<25>          |   15.447|
Y<19>          |S<26>          |   16.238|
Y<19>          |S<27>          |   16.523|
Y<19>          |S<28>          |   17.534|
Y<19>          |S<29>          |   18.226|
Y<19>          |S<30>          |   19.056|
Y<19>          |S<31>          |   19.748|
Y<20>          |COUT           |   18.909|
Y<20>          |S<20>          |    9.852|
Y<20>          |S<21>          |   11.715|
Y<20>          |S<22>          |   12.151|
Y<20>          |S<23>          |   12.888|
Y<20>          |S<24>          |   14.324|
Y<20>          |S<25>          |   14.629|
Y<20>          |S<26>          |   15.420|
Y<20>          |S<27>          |   15.705|
Y<20>          |S<28>          |   16.716|
Y<20>          |S<29>          |   17.408|
Y<20>          |S<30>          |   18.238|
Y<20>          |S<31>          |   18.930|
Y<21>          |COUT           |   18.167|
Y<21>          |S<21>          |    9.966|
Y<21>          |S<22>          |   11.409|
Y<21>          |S<23>          |   12.146|
Y<21>          |S<24>          |   13.582|
Y<21>          |S<25>          |   13.887|
Y<21>          |S<26>          |   14.678|
Y<21>          |S<27>          |   14.963|
Y<21>          |S<28>          |   15.974|
Y<21>          |S<29>          |   16.666|
Y<21>          |S<30>          |   17.496|
Y<21>          |S<31>          |   18.188|
Y<22>          |COUT           |   17.282|
Y<22>          |S<22>          |    9.626|
Y<22>          |S<23>          |   11.261|
Y<22>          |S<24>          |   12.697|
Y<22>          |S<25>          |   13.002|
Y<22>          |S<26>          |   13.793|
Y<22>          |S<27>          |   14.078|
Y<22>          |S<28>          |   15.089|
Y<22>          |S<29>          |   15.781|
Y<22>          |S<30>          |   16.611|
Y<22>          |S<31>          |   17.303|
Y<23>          |COUT           |   15.898|
Y<23>          |S<23>          |    9.272|
Y<23>          |S<24>          |   11.313|
Y<23>          |S<25>          |   11.618|
Y<23>          |S<26>          |   12.409|
Y<23>          |S<27>          |   12.694|
Y<23>          |S<28>          |   13.705|
Y<23>          |S<29>          |   14.397|
Y<23>          |S<30>          |   15.227|
Y<23>          |S<31>          |   15.919|
Y<24>          |COUT           |   14.710|
Y<24>          |S<24>          |    9.408|
Y<24>          |S<25>          |   10.430|
Y<24>          |S<26>          |   11.221|
Y<24>          |S<27>          |   11.506|
Y<24>          |S<28>          |   12.517|
Y<24>          |S<29>          |   13.209|
Y<24>          |S<30>          |   14.039|
Y<24>          |S<31>          |   14.731|
Y<25>          |COUT           |   14.206|
Y<25>          |S<25>          |   10.027|
Y<25>          |S<26>          |   10.717|
Y<25>          |S<27>          |   11.002|
Y<25>          |S<28>          |   12.013|
Y<25>          |S<29>          |   12.705|
Y<25>          |S<30>          |   13.535|
Y<25>          |S<31>          |   14.227|
Y<26>          |COUT           |   13.149|
Y<26>          |S<26>          |    9.348|
Y<26>          |S<27>          |    9.945|
Y<26>          |S<28>          |   10.956|
Y<26>          |S<29>          |   11.648|
Y<26>          |S<30>          |   12.478|
Y<26>          |S<31>          |   13.170|
Y<27>          |COUT           |   12.312|
Y<27>          |S<27>          |    9.144|
Y<27>          |S<28>          |   10.119|
Y<27>          |S<29>          |   10.811|
Y<27>          |S<30>          |   11.641|
Y<27>          |S<31>          |   12.333|
Y<28>          |COUT           |   11.764|
Y<28>          |S<28>          |    9.188|
Y<28>          |S<29>          |   10.263|
Y<28>          |S<30>          |   11.093|
Y<28>          |S<31>          |   11.785|
Y<29>          |COUT           |   10.899|
Y<29>          |S<29>          |    9.247|
Y<29>          |S<30>          |   10.228|
Y<29>          |S<31>          |   10.920|
Y<30>          |COUT           |    9.548|
Y<30>          |S<30>          |    9.821|
Y<30>          |S<31>          |    9.569|
Y<31>          |COUT           |    9.424|
Y<31>          |S<31>          |    8.650|
---------------+---------------+---------+


Analysis completed Mon May 03 16:00:09 2021 
--------------------------------------------------------------------------------

Trace Settings:
-------------------------
Trace Settings 

Peak Memory Usage: 4488 MB



